
> vite-react-typescript-starter@0.0.0 build
> next build

npm : ΓÜá Invalid next.config.js options detected: 
At line:1 char:1
+ npm run build > build_output.txt 2>&1 ; echo "BUILD SUCCESSFUL" ; ech ...
+ ~~~~~~~~~~~~~~~~~~~~~~~~~~~~~~~~~~~~~
    + CategoryInfo          : NotSpecified: (ΓÜá Invalid nex...ions detected:  
   :String) [], RemoteException
    + FullyQualifiedErrorId : NativeCommandError
 
ΓÜá     Unrecognized key(s) in object: 'webpackDevMiddleware'
ΓÜá See more info here: https://nextjs.org/docs/messages/invalid-next-config
Γû▓ Next.js 16.2.2 (Turbopack)
- Environments: .env

  Running TypeScript ...
  Finished TypeScript in 1457ms ...
  Creating an optimized production build ...
(node:14864) [MODULE_TYPELESS_PACKAGE_JSON] Warning: Module type of 
file:///M:/Mith-sir-second-project/new/chatbot/postcss.config.js is not 
specified and it doesn't parse as CommonJS.
Reparsing as ES module because module syntax was detected. This incurs a 
performance overhead.
To eliminate this warning, add "type": "module" to 
M:\Mith-sir-second-project\new\chatbot\package.json.
(Use `node --trace-warnings ...` to show where the warning was created)

> Build error occurred
Error: Turbopack build failed with 38 errors:
./src/components/AdminPanel.tsx:51:10
the name `COUNTRIES` is defined multiple times
  [90m49 |[0m [36mimport[0m { [33mCustomForm[0m } [36mfrom[0m 
[32m'../types/forms'[0m;
  [90m50 |[0m [36mimport[0m { [33mChatbot[0m } [36mfrom[0m 
[32m'./Chatbot'[0m;
[31m[1m>[0m [90m51 |[0m [36mimport[0m { [33mCOUNTRIES[0m } 
[36mfrom[0m [32m'../constants/countries'[0m;
  [90m   |[0m          [31m[1m^^^^^^^^^[0m
  [90m52 |[0m [36mimport[0m { analyticsService, [33mDateRange[0m } 
[36mfrom[0m [32m'../services/analyticsService'[0m;
  [90m53 |[0m [36mimport[0m { buttonService } [36mfrom[0m 
[32m'../services/buttonService'[0m;
  [90m54 |[0m [36mimport[0m { [33mAnalyticsMetrics[0m, 
[33mFunnelStage[0m } [36mfrom[0m [32m'../types/analytics'[0m;

Ecmascript file had an error

Import traces:
  Browser:
    ./src/components/AdminPanel.tsx
    ./src/App.tsx
    ./pages/test-chatbot.tsx

  SSR:
    ./src/components/AdminPanel.tsx
    ./src/App.tsx
    ./pages/test-chatbot.tsx


./src/components/AdminPanel.tsx:50:10
the name `Chatbot` is defined multiple times
  [90m48 |[0m [36mimport[0m { formService } [36mfrom[0m 
[32m'../services/formService'[0m;
  [90m49 |[0m [36mimport[0m { [33mCustomForm[0m } [36mfrom[0m 
[32m'../types/forms'[0m;
[31m[1m>[0m [90m50 |[0m [36mimport[0m { [33mChatbot[0m } 
[36mfrom[0m [32m'./Chatbot'[0m;
  [90m   |[0m          [31m[1m^^^^^^^[0m
  [90m51 |[0m [36mimport[0m { [33mCOUNTRIES[0m } [36mfrom[0m 
[32m'../constants/countries'[0m;
  [90m52 |[0m [36mimport[0m { analyticsService, [33mDateRange[0m } 
[36mfrom[0m [32m'../services/analyticsService'[0m;
  [90m53 |[0m [36mimport[0m { buttonService } [36mfrom[0m 
[32m'../services/buttonService'[0m;

Ecmascript file had an error

Import traces:
  Browser:
    ./src/components/AdminPanel.tsx
    ./src/App.tsx
    ./pages/test-chatbot.tsx

  SSR:
    ./src/components/AdminPanel.tsx
    ./src/App.tsx
    ./pages/test-chatbot.tsx


./src/components/AdminPanel.tsx:52:10
the name `analyticsService` is defined multiple times
  [90m50 |[0m [36mimport[0m { [33mChatbot[0m } [36mfrom[0m 
[32m'./Chatbot'[0m;
  [90m51 |[0m [36mimport[0m { [33mCOUNTRIES[0m } [36mfrom[0m 
[32m'../constants/countries'[0m;
[31m[1m>[0m [90m52 |[0m [36mimport[0m { analyticsService, 
[33mDateRange[0m } [36mfrom[0m [32m'../services/analyticsService'[0m;
  [90m   |[0m          [31m[1m^^^^^^^^^^^^^^^^[0m
  [90m53 |[0m [36mimport[0m { buttonService } [36mfrom[0m 
[32m'../services/buttonService'[0m;
  [90m54 |[0m [36mimport[0m { [33mAnalyticsMetrics[0m, 
[33mFunnelStage[0m } [36mfrom[0m [32m'../types/analytics'[0m;
  [90m55 |[0m [36mimport[0m { formService } [36mfrom[0m 
[32m'../services/formService'[0m;

Ecmascript file had an error

Import traces:
  Browser:
    ./src/components/AdminPanel.tsx
    ./src/App.tsx
    ./pages/test-chatbot.tsx

  SSR:
    ./src/components/AdminPanel.tsx
    ./src/App.tsx
    ./pages/test-chatbot.tsx


./src/components/AdminPanel.tsx:53:10
the name `buttonService` is defined multiple times
  [90m51 |[0m [36mimport[0m { [33mCOUNTRIES[0m } [36mfrom[0m 
[32m'../constants/countries'[0m;
  [90m52 |[0m [36mimport[0m { analyticsService, [33mDateRange[0m } 
[36mfrom[0m [32m'../services/analyticsService'[0m;
[31m[1m>[0m [90m53 |[0m [36mimport[0m { buttonService } [36mfrom[0m 
[32m'../services/buttonService'[0m;
  [90m   |[0m          [31m[1m^^^^^^^^^^^^^[0m
  [90m54 |[0m [36mimport[0m { [33mAnalyticsMetrics[0m, 
[33mFunnelStage[0m } [36mfrom[0m [32m'../types/analytics'[0m;
  [90m55 |[0m [36mimport[0m { formService } [36mfrom[0m 
[32m'../services/formService'[0m;
  [90m56 |[0m [36mimport[0m { [33mCustomForm[0m } [36mfrom[0m 
[32m'../types/forms'[0m;

Ecmascript file had an error

Import traces:
  Browser:
    ./src/components/AdminPanel.tsx
    ./src/App.tsx
    ./pages/test-chatbot.tsx

  SSR:
    ./src/components/AdminPanel.tsx
    ./src/App.tsx
    ./pages/test-chatbot.tsx


./src/components/AdminPanel.tsx:1577:10
the name `buttons` is defined multiple times
  [90m1575 |[0m   [36mconst[0m { user } = useTenant();
  [90m1576 |[0m   [36mconst[0m [localConfig, setLocalConfig] = 
useState(config);
[31m[1m>[0m [90m1577 |[0m   [36mconst[0m [buttons, setButtons] = 
useState<[33mArray[0m<{ id: string; label: string }>>([]);
  [90m     |[0m          [31m[1m^^^^^^^[0m
  [90m1578 |[0m   [36mconst[0m [isSavingSettings, setIsSavingSettings] = 
useState([36mfalse[0m);
  [90m1579 |[0m   [36mconst[0m [copied, setCopied] = 
useState([36mfalse[0m);
  [90m1580 |[0m   [36mconst[0m [configKey, setConfigKey] = 
useState<[33mConfigKeyData[0m | [36mnull[0m>([36mnull[0m);

Ecmascript file had an error

Import traces:
  Browser:
    ./src/components/AdminPanel.tsx
    ./src/App.tsx
    ./pages/test-chatbot.tsx

  SSR:
    ./src/components/AdminPanel.tsx
    ./src/App.tsx
    ./pages/test-chatbot.tsx


./src/components/AdminPanel.tsx:1582:10
the name `chatbotVisibility` is defined multiple times
  [90m1580 |[0m   [36mconst[0m [configKey, setConfigKey] = 
useState<[33mConfigKeyData[0m | [36mnull[0m>([36mnull[0m);
  [90m1581 |[0m   [36mconst[0m [keyGenerating, setKeyGenerating] = 
useState([36mfalse[0m);
[31m[1m>[0m [90m1582 |[0m   [36mconst[0m [chatbotVisibility, 
setChatbotVisibility] = useState<{ mode: [32m'always_show'[0m | 
[32m'hi...[0m
  [90m     |[0m          [31m[1m^^^^^^^^^^^^^^^^^[0m
  [90m1583 |[0m     mode: [32m'always_show'[0m,
  [90m1584 |[0m     url_list: []
  [90m1585 |[0m   });

Ecmascript file had an error

Import traces:
  Browser:
    ./src/components/AdminPanel.tsx
    ./src/App.tsx
    ./pages/test-chatbot.tsx

  SSR:
    ./src/components/AdminPanel.tsx
    ./src/App.tsx
    ./pages/test-chatbot.tsx


./src/components/AdminPanel.tsx:1587:10
the name `cloudinaryConfig` is defined multiple times
  [90m1585 |[0m   });
  [90m1586 |[0m   [36mconst[0m [visibilityLoading, setVisibilityLoading] = 
useState([36mfalse[0m);
[31m[1m>[0m [90m1587 |[0m   [36mconst[0m [cloudinaryConfig, 
setCloudinaryConfig] = useState({ url: [32m''[0m, cloud_name: [32m''[0m, 
ap...
  [90m     |[0m          [31m[1m^^^^^^^^^^^^^^^^[0m
  [90m1588 |[0m   [36mconst[0m [cloudinarySaving, setCloudinarySaving] = 
useState([36mfalse[0m);
  [90m1589 |[0m
  [90m1590 |[0m   useEffect(() => {

Ecmascript file had an error

Import traces:
  Browser:
    ./src/components/AdminPanel.tsx
    ./src/App.tsx
    ./pages/test-chatbot.tsx

  SSR:
    ./src/components/AdminPanel.tsx
    ./src/App.tsx
    ./pages/test-chatbot.tsx


./src/components/AdminPanel.tsx:1588:10
the name `cloudinarySaving` is defined multiple times
  [90m1586 |[0m   [36mconst[0m [visibilityLoading, setVisibilityLoading] = 
useState([36mfalse[0m);
  [90m1587 |[0m   [36mconst[0m [cloudinaryConfig, setCloudinaryConfig] = 
useState({ url: [32m''[0m, cloud_name: [32m''[0m, ap...
[31m[1m>[0m [90m1588 |[0m   [36mconst[0m [cloudinarySaving, 
setCloudinarySaving] = useState([36mfalse[0m);
  [90m     |[0m          [31m[1m^^^^^^^^^^^^^^^^[0m
  [90m1589 |[0m
  [90m1590 |[0m   useEffect(() => {
  [90m1591 |[0m     loadButtons();

Ecmascript file had an error

Import traces:
  Browser:
    ./src/components/AdminPanel.tsx
    ./src/App.tsx
    ./pages/test-chatbot.tsx

  SSR:
    ./src/components/AdminPanel.tsx
    ./src/App.tsx
    ./pages/test-chatbot.tsx


./src/components/AdminPanel.tsx:1580:10
the name `configKey` is defined multiple times
  [90m1578 |[0m   [36mconst[0m [isSavingSettings, setIsSavingSettings] = 
useState([36mfalse[0m);
  [90m1579 |[0m   [36mconst[0m [copied, setCopied] = 
useState([36mfalse[0m);
[31m[1m>[0m [90m1580 |[0m   [36mconst[0m [configKey, setConfigKey] = 
useState<[33mConfigKeyData[0m | [36mnull[0m>([36mnull[0m);
  [90m     |[0m          [31m[1m^^^^^^^^^[0m
  [90m1581 |[0m   [36mconst[0m [keyGenerating, setKeyGenerating] = 
useState([36mfalse[0m);
  [90m1582 |[0m   [36mconst[0m [chatbotVisibility, setChatbotVisibility] = 
useState<{ mode: [32m'always_show'[0m | [32m'hi...[0m
  [90m1583 |[0m     mode: [32m'always_show'[0m,

Ecmascript file had an error

Import traces:
  Browser:
    ./src/components/AdminPanel.tsx
    ./src/App.tsx
    ./pages/test-chatbot.tsx

  SSR:
    ./src/components/AdminPanel.tsx
    ./src/App.tsx
    ./pages/test-chatbot.tsx


./src/components/AdminPanel.tsx:1574:11
the name `config` is defined multiple times
  [90m1572 |[0m     );
  [90m1573 |[0m   }
[31m[1m>[0m [90m1574 |[0m   [36mconst[0m { config, updateConfig } = 
useChatbotConfig();
  [90m     |[0m           [31m[1m^^^^^^[0m
  [90m1575 |[0m   [36mconst[0m { user } = useTenant();
  [90m1576 |[0m   [36mconst[0m [localConfig, setLocalConfig] = 
useState(config);
  [90m1577 |[0m   [36mconst[0m [buttons, setButtons] = 
useState<[33mArray[0m<{ id: string; label: string }>>([]);

Ecmascript file had an error

Import traces:
  Browser:
    ./src/components/AdminPanel.tsx
    ./src/App.tsx
    ./pages/test-chatbot.tsx

  SSR:
    ./src/components/AdminPanel.tsx
    ./src/App.tsx
    ./pages/test-chatbot.tsx


./src/components/AdminPanel.tsx:1579:10
the name `copied` is defined multiple times
  [90m1577 |[0m   [36mconst[0m [buttons, setButtons] = 
useState<[33mArray[0m<{ id: string; label: string }>>([]);
  [90m1578 |[0m   [36mconst[0m [isSavingSettings, setIsSavingSettings] = 
useState([36mfalse[0m);
[31m[1m>[0m [90m1579 |[0m   [36mconst[0m [copied, setCopied] = 
useState([36mfalse[0m);
  [90m     |[0m          [31m[1m^^^^^^[0m
  [90m1580 |[0m   [36mconst[0m [configKey, setConfigKey] = 
useState<[33mConfigKeyData[0m | [36mnull[0m>([36mnull[0m);
  [90m1581 |[0m   [36mconst[0m [keyGenerating, setKeyGenerating] = 
useState([36mfalse[0m);
  [90m1582 |[0m   [36mconst[0m [chatbotVisibility, setChatbotVisibility] = 
useState<{ mode: [32m'always_show'[0m | [32m'hi...[0m

Ecmascript file had an error

Import traces:
  Browser:
    ./src/components/AdminPanel.tsx
    ./src/App.tsx
    ./pages/test-chatbot.tsx

  SSR:
    ./src/components/AdminPanel.tsx
    ./src/App.tsx
    ./pages/test-chatbot.tsx


./src/components/AdminPanel.tsx:1865:9
the name `copyEmbedCode` is defined multiple times
  [90m1863 |[0m     }
  [90m1864 |[0m
[31m[1m>[0m [90m1865 |[0m   [36mconst[0m copyEmbedCode = () => {
  [90m     |[0m         [31m[1m^^^^^^^^^^^^^[0m
  [90m1866 |[0m     [36mconst[0m code = generateEmbedCode();
  [90m1867 |[0m     navigator.clipboard.writeText(code).then(() => {
  [90m1868 |[0m       setCopied([36mtrue[0m);

Ecmascript file had an error

Import traces:
  Browser:
    ./src/components/AdminPanel.tsx
    ./src/App.tsx
    ./pages/test-chatbot.tsx

  SSR:
    ./src/components/AdminPanel.tsx
    ./src/App.tsx
    ./pages/test-chatbot.tsx


./src/components/AdminPanel.tsx:55:10
the name `formService` is defined multiple times
  [90m53 |[0m [36mimport[0m { buttonService } [36mfrom[0m 
[32m'../services/buttonService'[0m;
  [90m54 |[0m [36mimport[0m { [33mAnalyticsMetrics[0m, 
[33mFunnelStage[0m } [36mfrom[0m [32m'../types/analytics'[0m;
[31m[1m>[0m [90m55 |[0m [36mimport[0m { formService } [36mfrom[0m 
[32m'../services/formService'[0m;
  [90m   |[0m          [31m[1m^^^^^^^^^^^[0m
  [90m56 |[0m [36mimport[0m { [33mCustomForm[0m } [36mfrom[0m 
[32m'../types/forms'[0m;
  [90m57 |[0m [36mimport[0m { [33mContentService[0m } [36mfrom[0m 
[32m'../services/contentService'[0m;
  [90m58 |[0m [36mimport[0m { [33mConfigService[0m } [36mfrom[0m 
[32m'../services/configService'[0m;

Ecmascript file had an error

Import traces:
  Browser:
    ./src/components/AdminPanel.tsx
    ./src/App.tsx
    ./pages/test-chatbot.tsx

  SSR:
    ./src/components/AdminPanel.tsx
    ./src/App.tsx
    ./pages/test-chatbot.tsx


./src/components/AdminPanel.tsx:1809:9
the name `generateEmbedCode` is defined multiple times
  [90m1807 |[0m   };
  [90m1808 |[0m
[31m[1m>[0m [90m1809 |[0m   [36mconst[0m generateEmbedCode = () => {
  [90m     |[0m         [31m[1m^^^^^^^^^^^^^^^^^[0m
  [90m1810 |[0m     [36mconst[0m currentUrl = window.location.origin;
  [90m1811 |[0m     [36mif[0m (!configKey) {
  [90m1812 |[0m       [36mreturn[0m [32m`<!-- Please generate a Config 
Key first to get the embed code -->`[0m;

Ecmascript file had an error

Import traces:
  Browser:
    ./src/components/AdminPanel.tsx
    ./src/App.tsx
    ./pages/test-chatbot.tsx

  SSR:
    ./src/components/AdminPanel.tsx
    ./src/App.tsx
    ./pages/test-chatbot.tsx


./src/components/AdminPanel.tsx:1758:9
the name `generateNewConfigKey` is defined multiple times
  [90m1756 |[0m   };
  [90m1757 |[0m
[31m[1m>[0m [90m1758 |[0m   [36mconst[0m generateNewConfigKey = 
[36masync[0m () => {
  [90m     |[0m         [31m[1m^^^^^^^^^^^^^^^^^^^^[0m
  [90m1759 |[0m     [36mtry[0m {
  [90m1760 |[0m       setKeyGenerating([36mtrue[0m);
  [90m1761 |[0m       [36mconst[0m newKeyData = [36mawait[0m 
[33mConfigKeyService[0m.generateNewKey();

Ecmascript file had an error

Import traces:
  Browser:
    ./src/components/AdminPanel.tsx
    ./src/App.tsx
    ./pages/test-chatbot.tsx

  SSR:
    ./src/components/AdminPanel.tsx
    ./src/App.tsx
    ./pages/test-chatbot.tsx


./src/components/AdminPanel.tsx:1692:9
the name `handleSaveCloudinary` is defined multiple times
  [90m1690 |[0m   };
  [90m1691 |[0m
[31m[1m>[0m [90m1692 |[0m   [36mconst[0m handleSaveCloudinary = 
[36masync[0m () => {
  [90m     |[0m         [31m[1m^^^^^^^^^^^^^^^^^^^^[0m
  [90m1693 |[0m     [36mif[0m (!user?.id) {
  [90m1694 |[0m       [33mSwal[0m.fire({
  [90m1695 |[0m         title: [32m'Error!'[0m,

Ecmascript file had an error

Import traces:
  Browser:
    ./src/components/AdminPanel.tsx
    ./src/App.tsx
    ./pages/test-chatbot.tsx

  SSR:
    ./src/components/AdminPanel.tsx
    ./src/App.tsx
    ./pages/test-chatbot.tsx


./src/components/AdminPanel.tsx:1647:9
the name `handleSaveVisibility` is defined multiple times
  [90m1645 |[0m   }, [user]);
  [90m1646 |[0m
[31m[1m>[0m [90m1647 |[0m   [36mconst[0m handleSaveVisibility = 
[36masync[0m () => {
  [90m     |[0m         [31m[1m^^^^^^^^^^^^^^^^^^^^[0m
  [90m1648 |[0m     [36mtry[0m {
  [90m1649 |[0m       setVisibilityLoading([36mtrue[0m);
  [90m1650 |[0m       [36mawait[0m 
[33mSystemSettingsService[0m.updateSettings({ chatbot_visibility: 
chatbotVisibility...

Ecmascript file had an error

Import traces:
  Browser:
    ./src/components/AdminPanel.tsx
    ./src/App.tsx
    ./pages/test-chatbot.tsx

  SSR:
    ./src/components/AdminPanel.tsx
    ./src/App.tsx
    ./pages/test-chatbot.tsx


./src/components/AdminPanel.tsx:1782:9
the name `handleSave` is defined multiple times
  [90m1780 |[0m   };
  [90m1781 |[0m
[31m[1m>[0m [90m1782 |[0m   [36mconst[0m handleSave = [36masync[0m () 
=> {
  [90m     |[0m         [31m[1m^^^^^^^^^^[0m
  [90m1783 |[0m     [36mif[0m (!canAccessSettings) [36mreturn[0m;
  [90m1784 |[0m     setIsLoading([36mtrue[0m, [32m'Updating chatbot 
settings...'[0m);
  [90m1785 |[0m     setIsSavingSettings([36mtrue[0m);

Ecmascript file had an error

Import traces:
  Browser:
    ./src/components/AdminPanel.tsx
    ./src/App.tsx
    ./pages/test-chatbot.tsx

  SSR:
    ./src/components/AdminPanel.tsx
    ./src/App.tsx
    ./pages/test-chatbot.tsx


./src/components/AdminPanel.tsx:1578:10
the name `isSavingSettings` is defined multiple times
  [90m1576 |[0m   [36mconst[0m [localConfig, setLocalConfig] = 
useState(config);
  [90m1577 |[0m   [36mconst[0m [buttons, setButtons] = 
useState<[33mArray[0m<{ id: string; label: string }>>([]);
[31m[1m>[0m [90m1578 |[0m   [36mconst[0m [isSavingSettings, 
setIsSavingSettings] = useState([36mfalse[0m);
  [90m     |[0m          [31m[1m^^^^^^^^^^^^^^^^[0m
  [90m1579 |[0m   [36mconst[0m [copied, setCopied] = 
useState([36mfalse[0m);
  [90m1580 |[0m   [36mconst[0m [configKey, setConfigKey] = 
useState<[33mConfigKeyData[0m | [36mnull[0m>([36mnull[0m);
  [90m1581 |[0m   [36mconst[0m [keyGenerating, setKeyGenerating] = 
useState([36mfalse[0m);

Ecmascript file had an error

Import traces:
  Browser:
    ./src/components/AdminPanel.tsx
    ./src/App.tsx
    ./pages/test-chatbot.tsx

  SSR:
    ./src/components/AdminPanel.tsx
    ./src/App.tsx
    ./pages/test-chatbot.tsx


./src/components/AdminPanel.tsx:1581:10
the name `keyGenerating` is defined multiple times
  [90m1579 |[0m   [36mconst[0m [copied, setCopied] = 
useState([36mfalse[0m);
  [90m1580 |[0m   [36mconst[0m [configKey, setConfigKey] = 
useState<[33mConfigKeyData[0m | [36mnull[0m>([36mnull[0m);
[31m[1m>[0m [90m1581 |[0m   [36mconst[0m [keyGenerating, 
setKeyGenerating] = useState([36mfalse[0m);
  [90m     |[0m          [31m[1m^^^^^^^^^^^^^[0m
  [90m1582 |[0m   [36mconst[0m [chatbotVisibility, setChatbotVisibility] = 
useState<{ mode: [32m'always_show'[0m | [32m'hi...[0m
  [90m1583 |[0m     mode: [32m'always_show'[0m,
  [90m1584 |[0m     url_list: []

Ecmascript file had an error

Import traces:
  Browser:
    ./src/components/AdminPanel.tsx
    ./src/App.tsx
    ./pages/test-chatbot.tsx

  SSR:
    ./src/components/AdminPanel.tsx
    ./src/App.tsx
    ./pages/test-chatbot.tsx


./src/components/AdminPanel.tsx:1595:9
the name `loadButtons` is defined multiple times
  [90m1593 |[0m   }, []);
  [90m1594 |[0m
[31m[1m>[0m [90m1595 |[0m   [36mconst[0m loadButtons = [36masync[0m 
() => {
  [90m     |[0m         [31m[1m^^^^^^^^^^^[0m
  [90m1596 |[0m     [36mtry[0m {
  [90m1597 |[0m       [36mconst[0m buttonList = [36mawait[0m 
buttonService.getAllButtons();
  [90m1598 |[0m       console.log([32m'Loaded buttons for 
auto-trigger:'[0m, buttonList);

Ecmascript file had an error

Import traces:
  Browser:
    ./src/components/AdminPanel.tsx
    ./src/App.tsx
    ./pages/test-chatbot.tsx

  SSR:
    ./src/components/AdminPanel.tsx
    ./src/App.tsx
    ./pages/test-chatbot.tsx


./src/components/AdminPanel.tsx:1749:9
the name `loadConfigKey` is defined multiple times
  [90m1747 |[0m   [90m// };[0m
  [90m1748 |[0m   
[31m[1m>[0m [90m1749 |[0m   [36mconst[0m loadConfigKey = [36masync[0m 
() => {
  [90m     |[0m         [31m[1m^^^^^^^^^^^^^[0m
  [90m1750 |[0m     [36mtry[0m {
  [90m1751 |[0m       [36mconst[0m keyData = [36mawait[0m 
[33mConfigKeyService[0m.getCurrentKey();
  [90m1752 |[0m       setConfigKey(keyData);

Ecmascript file had an error

Import traces:
  Browser:
    ./src/components/AdminPanel.tsx
    ./src/App.tsx
    ./pages/test-chatbot.tsx

  SSR:
    ./src/components/AdminPanel.tsx
    ./src/App.tsx
    ./pages/test-chatbot.tsx


./src/components/AdminPanel.tsx:1576:10
the name `localConfig` is defined multiple times
  [90m1574 |[0m   [36mconst[0m { config, updateConfig } = 
useChatbotConfig();
  [90m1575 |[0m   [36mconst[0m { user } = useTenant();
[31m[1m>[0m [90m1576 |[0m   [36mconst[0m [localConfig, setLocalConfig] 
= useState(config);
  [90m     |[0m          [31m[1m^^^^^^^^^^^[0m
  [90m1577 |[0m   [36mconst[0m [buttons, setButtons] = 
useState<[33mArray[0m<{ id: string; label: string }>>([]);
  [90m1578 |[0m   [36mconst[0m [isSavingSettings, setIsSavingSettings] = 
useState([36mfalse[0m);
  [90m1579 |[0m   [36mconst[0m [copied, setCopied] = 
useState([36mfalse[0m);

Ecmascript file had an error

Import traces:
  Browser:
    ./src/components/AdminPanel.tsx
    ./src/App.tsx
    ./pages/test-chatbot.tsx

  SSR:
    ./src/components/AdminPanel.tsx
    ./src/App.tsx
    ./pages/test-chatbot.tsx


./src/components/AdminPanel.tsx:1670:9
the name `sanitizeCloudinaryConfig` is defined multiple times
  [90m1668 |[0m   };
  [90m1669 |[0m
[31m[1m>[0m [90m1670 |[0m   [36mconst[0m sanitizeCloudinaryConfig = 
(config: [36mtypeof[0m cloudinaryConfig) => {
  [90m     |[0m         [31m[1m^^^^^^^^^^^^^^^^^^^^^^^^[0m
  [90m1671 |[0m     [36mlet[0m { url, cloud_name, api_key, api_secret } = 
config;
  [90m1672 |[0m     url = url?.trim() || [32m''[0m;
  [90m1673 |[0m     [36mif[0m (url.startsWith([32m'CLOUDINARY_URL='[0m)) 
{

Ecmascript file had an error

Import traces:
  Browser:
    ./src/components/AdminPanel.tsx
    ./src/App.tsx
    ./pages/test-chatbot.tsx

  SSR:
    ./src/components/AdminPanel.tsx
    ./src/App.tsx
    ./pages/test-chatbot.tsx


./src/components/AdminPanel.tsx:1577:19
the name `setButtons` is defined multiple times
  [90m1575 |[0m   [36mconst[0m { user } = useTenant();
  [90m1576 |[0m   [36mconst[0m [localConfig, setLocalConfig] = 
useState(config);
[31m[1m>[0m [90m1577 |[0m   [36mconst[0m [buttons, setButtons] = 
useState<[33mArray[0m<{ id: string; label: string }>>([]);
  [90m     |[0m                   [31m[1m^^^^^^^^^^[0m
  [90m1578 |[0m   [36mconst[0m [isSavingSettings, setIsSavingSettings] = 
useState([36mfalse[0m);
  [90m1579 |[0m   [36mconst[0m [copied, setCopied] = 
useState([36mfalse[0m);
  [90m1580 |[0m   [36mconst[0m [configKey, setConfigKey] = 
useState<[33mConfigKeyData[0m | [36mnull[0m>([36mnull[0m);

Ecmascript file had an error

Import traces:
  Browser:
    ./src/components/AdminPanel.tsx
    ./src/App.tsx
    ./pages/test-chatbot.tsx

  SSR:
    ./src/components/AdminPanel.tsx
    ./src/App.tsx
    ./pages/test-chatbot.tsx


./src/components/AdminPanel.tsx:1582:29
the name `setChatbotVisibility` is defined multiple times
  [90m1580 |[0m   [36mconst[0m [configKey, setConfigKey] = 
useState<[33mConfigKeyData[0m | [36mnull[0m>([36mnull[0m);
  [90m1581 |[0m   [36mconst[0m [keyGenerating, setKeyGenerating] = 
useState([36mfalse[0m);
[31m[1m>[0m [90m1582 |[0m   [36mconst[0m [chatbotVisibility, 
setChatbotVisibility] = useState<{ mode: [32m'always_show'[0m | 
[32m'hi...[0m
  [90m     |[0m                             [31m[1m^^^^^^^^^^^^^^^^^^^^[0m
  [90m1583 |[0m     mode: [32m'always_show'[0m,
  [90m1584 |[0m     url_list: []
  [90m1585 |[0m   });

Ecmascript file had an error

Import traces:
  Browser:
    ./src/components/AdminPanel.tsx
    ./src/App.tsx
    ./pages/test-chatbot.tsx

  SSR:
    ./src/components/AdminPanel.tsx
    ./src/App.tsx
    ./pages/test-chatbot.tsx


./src/components/AdminPanel.tsx:1587:28
the name `setCloudinaryConfig` is defined multiple times
  [90m1585 |[0m   });
  [90m1586 |[0m   [36mconst[0m [visibilityLoading, setVisibilityLoading] = 
useState([36mfalse[0m);
[31m[1m>[0m [90m1587 |[0m   [36mconst[0m [cloudinaryConfig, 
setCloudinaryConfig] = useState({ url: [32m''[0m, cloud_name: [32m''[0m, 
ap...
  [90m     |[0m                            [31m[1m^^^^^^^^^^^^^^^^^^^[0m
  [90m1588 |[0m   [36mconst[0m [cloudinarySaving, setCloudinarySaving] = 
useState([36mfalse[0m);
  [90m1589 |[0m
  [90m1590 |[0m   useEffect(() => {

Ecmascript file had an error

Import traces:
  Browser:
    ./src/components/AdminPanel.tsx
    ./src/App.tsx
    ./pages/test-chatbot.tsx

  SSR:
    ./src/components/AdminPanel.tsx
    ./src/App.tsx
    ./pages/test-chatbot.tsx


./src/components/AdminPanel.tsx:1588:28
the name `setCloudinarySaving` is defined multiple times
  [90m1586 |[0m   [36mconst[0m [visibilityLoading, setVisibilityLoading] = 
useState([36mfalse[0m);
  [90m1587 |[0m   [36mconst[0m [cloudinaryConfig, setCloudinaryConfig] = 
useState({ url: [32m''[0m, cloud_name: [32m''[0m, ap...
[31m[1m>[0m [90m1588 |[0m   [36mconst[0m [cloudinarySaving, 
setCloudinarySaving] = useState([36mfalse[0m);
  [90m     |[0m                            [31m[1m^^^^^^^^^^^^^^^^^^^[0m
  [90m1589 |[0m
  [90m1590 |[0m   useEffect(() => {
  [90m1591 |[0m     loadButtons();

Ecmascript file had an error

Import traces:
  Browser:
    ./src/components/AdminPanel.tsx
    ./src/App.tsx
    ./pages/test-chatbot.tsx

  SSR:
    ./src/components/AdminPanel.tsx
    ./src/App.tsx
    ./pages/test-chatbot.tsx


./src/components/AdminPanel.tsx:1580:21
the name `setConfigKey` is defined multiple times
  [90m1578 |[0m   [36mconst[0m [isSavingSettings, setIsSavingSettings] = 
useState([36mfalse[0m);
  [90m1579 |[0m   [36mconst[0m [copied, setCopied] = 
useState([36mfalse[0m);
[31m[1m>[0m [90m1580 |[0m   [36mconst[0m [configKey, setConfigKey] = 
useState<[33mConfigKeyData[0m | [36mnull[0m>([36mnull[0m);
  [90m     |[0m                     [31m[1m^^^^^^^^^^^^[0m
  [90m1581 |[0m   [36mconst[0m [keyGenerating, setKeyGenerating] = 
useState([36mfalse[0m);
  [90m1582 |[0m   [36mconst[0m [chatbotVisibility, setChatbotVisibility] = 
useState<{ mode: [32m'always_show'[0m | [32m'hi...[0m
  [90m1583 |[0m     mode: [32m'always_show'[0m,

Ecmascript file had an error

Import traces:
  Browser:
    ./src/components/AdminPanel.tsx
    ./src/App.tsx
    ./pages/test-chatbot.tsx

  SSR:
    ./src/components/AdminPanel.tsx
    ./src/App.tsx
    ./pages/test-chatbot.tsx


./src/components/AdminPanel.tsx:1579:18
the name `setCopied` is defined multiple times
  [90m1577 |[0m   [36mconst[0m [buttons, setButtons] = 
useState<[33mArray[0m<{ id: string; label: string }>>([]);
  [90m1578 |[0m   [36mconst[0m [isSavingSettings, setIsSavingSettings] = 
useState([36mfalse[0m);
[31m[1m>[0m [90m1579 |[0m   [36mconst[0m [copied, setCopied] = 
useState([36mfalse[0m);
  [90m     |[0m                  [31m[1m^^^^^^^^^[0m
  [90m1580 |[0m   [36mconst[0m [configKey, setConfigKey] = 
useState<[33mConfigKeyData[0m | [36mnull[0m>([36mnull[0m);
  [90m1581 |[0m   [36mconst[0m [keyGenerating, setKeyGenerating] = 
useState([36mfalse[0m);
  [90m1582 |[0m   [36mconst[0m [chatbotVisibility, setChatbotVisibility] = 
useState<{ mode: [32m'always_show'[0m | [32m'hi...[0m

Ecmascript file had an error

Import traces:
  Browser:
    ./src/components/AdminPanel.tsx
    ./src/App.tsx
    ./pages/test-chatbot.tsx

  SSR:
    ./src/components/AdminPanel.tsx
    ./src/App.tsx
    ./pages/test-chatbot.tsx


./src/components/AdminPanel.tsx:1578:28
the name `setIsSavingSettings` is defined multiple times
  [90m1576 |[0m   [36mconst[0m [localConfig, setLocalConfig] = 
useState(config);
  [90m1577 |[0m   [36mconst[0m [buttons, setButtons] = 
useState<[33mArray[0m<{ id: string; label: string }>>([]);
[31m[1m>[0m [90m1578 |[0m   [36mconst[0m [isSavingSettings, 
setIsSavingSettings] = useState([36mfalse[0m);
  [90m     |[0m                            [31m[1m^^^^^^^^^^^^^^^^^^^[0m
  [90m1579 |[0m   [36mconst[0m [copied, setCopied] = 
useState([36mfalse[0m);
  [90m1580 |[0m   [36mconst[0m [configKey, setConfigKey] = 
useState<[33mConfigKeyData[0m | [36mnull[0m>([36mnull[0m);
  [90m1581 |[0m   [36mconst[0m [keyGenerating, setKeyGenerating] = 
useState([36mfalse[0m);

Ecmascript file had an error

Import traces:
  Browser:
    ./src/components/AdminPanel.tsx
    ./src/App.tsx
    ./pages/test-chatbot.tsx

  SSR:
    ./src/components/AdminPanel.tsx
    ./src/App.tsx
    ./pages/test-chatbot.tsx


./src/components/AdminPanel.tsx:1581:25
the name `setKeyGenerating` is defined multiple times
  [90m1579 |[0m   [36mconst[0m [copied, setCopied] = 
useState([36mfalse[0m);
  [90m1580 |[0m   [36mconst[0m [configKey, setConfigKey] = 
useState<[33mConfigKeyData[0m | [36mnull[0m>([36mnull[0m);
[31m[1m>[0m [90m1581 |[0m   [36mconst[0m [keyGenerating, 
setKeyGenerating] = useState([36mfalse[0m);
  [90m     |[0m                         [31m[1m^^^^^^^^^^^^^^^^[0m
  [90m1582 |[0m   [36mconst[0m [chatbotVisibility, setChatbotVisibility] = 
useState<{ mode: [32m'always_show'[0m | [32m'hi...[0m
  [90m1583 |[0m     mode: [32m'always_show'[0m,
  [90m1584 |[0m     url_list: []

Ecmascript file had an error

Import traces:
  Browser:
    ./src/components/AdminPanel.tsx
    ./src/App.tsx
    ./pages/test-chatbot.tsx

  SSR:
    ./src/components/AdminPanel.tsx
    ./src/App.tsx
    ./pages/test-chatbot.tsx


./src/components/AdminPanel.tsx:1576:23
the name `setLocalConfig` is defined multiple times
  [90m1574 |[0m   [36mconst[0m { config, updateConfig } = 
useChatbotConfig();
  [90m1575 |[0m   [36mconst[0m { user } = useTenant();
[31m[1m>[0m [90m1576 |[0m   [36mconst[0m [localConfig, setLocalConfig] 
= useState(config);
  [90m     |[0m                       [31m[1m^^^^^^^^^^^^^^[0m
  [90m1577 |[0m   [36mconst[0m [buttons, setButtons] = 
useState<[33mArray[0m<{ id: string; label: string }>>([]);
  [90m1578 |[0m   [36mconst[0m [isSavingSettings, setIsSavingSettings] = 
useState([36mfalse[0m);
  [90m1579 |[0m   [36mconst[0m [copied, setCopied] = 
useState([36mfalse[0m);

Ecmascript file had an error

Import traces:
  Browser:
    ./src/components/AdminPanel.tsx
    ./src/App.tsx
    ./pages/test-chatbot.tsx

  SSR:
    ./src/components/AdminPanel.tsx
    ./src/App.tsx
    ./pages/test-chatbot.tsx


./src/components/AdminPanel.tsx:1586:29
the name `setVisibilityLoading` is defined multiple times
  [90m1584 |[0m     url_list: []
  [90m1585 |[0m   });
[31m[1m>[0m [90m1586 |[0m   [36mconst[0m [visibilityLoading, 
setVisibilityLoading] = useState([36mfalse[0m);
  [90m     |[0m                             [31m[1m^^^^^^^^^^^^^^^^^^^^[0m
  [90m1587 |[0m   [36mconst[0m [cloudinaryConfig, setCloudinaryConfig] = 
useState({ url: [32m''[0m, cloud_name: [32m''[0m, ap...
  [90m1588 |[0m   [36mconst[0m [cloudinarySaving, setCloudinarySaving] = 
useState([36mfalse[0m);
  [90m1589 |[0m

Ecmascript file had an error

Import traces:
  Browser:
    ./src/components/AdminPanel.tsx
    ./src/App.tsx
    ./pages/test-chatbot.tsx

  SSR:
    ./src/components/AdminPanel.tsx
    ./src/App.tsx
    ./pages/test-chatbot.tsx


./src/components/AdminPanel.tsx:1574:19
the name `updateConfig` is defined multiple times
  [90m1572 |[0m     );
  [90m1573 |[0m   }
[31m[1m>[0m [90m1574 |[0m   [36mconst[0m { config, updateConfig } = 
useChatbotConfig();
  [90m     |[0m                   [31m[1m^^^^^^^^^^^^[0m
  [90m1575 |[0m   [36mconst[0m { user } = useTenant();
  [90m1576 |[0m   [36mconst[0m [localConfig, setLocalConfig] = 
useState(config);
  [90m1577 |[0m   [36mconst[0m [buttons, setButtons] = 
useState<[33mArray[0m<{ id: string; label: string }>>([]);

Ecmascript file had an error

Import traces:
  Browser:
    ./src/components/AdminPanel.tsx
    ./src/App.tsx
    ./pages/test-chatbot.tsx

  SSR:
    ./src/components/AdminPanel.tsx
    ./src/App.tsx
    ./pages/test-chatbot.tsx


./src/components/AdminPanel.tsx:1575:11
the name `user` is defined multiple times
  [90m1573 |[0m   }
  [90m1574 |[0m   [36mconst[0m { config, updateConfig } = 
useChatbotConfig();
[31m[1m>[0m [90m1575 |[0m   [36mconst[0m { user } = useTenant();
  [90m     |[0m           [31m[1m^^^^[0m
  [90m1576 |[0m   [36mconst[0m [localConfig, setLocalConfig] = 
useState(config);
  [90m1577 |[0m   [36mconst[0m [buttons, setButtons] = 
useState<[33mArray[0m<{ id: string; label: string }>>([]);
  [90m1578 |[0m   [36mconst[0m [isSavingSettings, setIsSavingSettings] = 
useState([36mfalse[0m);

Ecmascript file had an error

Import traces:
  Browser:
    ./src/components/AdminPanel.tsx
    ./src/App.tsx
    ./pages/test-chatbot.tsx

  SSR:
    ./src/components/AdminPanel.tsx
    ./src/App.tsx
    ./pages/test-chatbot.tsx


./src/components/AdminPanel.tsx:1586:10
the name `visibilityLoading` is defined multiple times
  [90m1584 |[0m     url_list: []
  [90m1585 |[0m   });
[31m[1m>[0m [90m1586 |[0m   [36mconst[0m [visibilityLoading, 
setVisibilityLoading] = useState([36mfalse[0m);
  [90m     |[0m          [31m[1m^^^^^^^^^^^^^^^^^[0m
  [90m1587 |[0m   [36mconst[0m [cloudinaryConfig, setCloudinaryConfig] = 
useState({ url: [32m''[0m, cloud_name: [32m''[0m, ap...
  [90m1588 |[0m   [36mconst[0m [cloudinarySaving, setCloudinarySaving] = 
useState([36mfalse[0m);
  [90m1589 |[0m

Ecmascript file had an error

Import traces:
  Browser:
    ./src/components/AdminPanel.tsx
    ./src/App.tsx
    ./pages/test-chatbot.tsx

  SSR:
    ./src/components/AdminPanel.tsx
    ./src/App.tsx
    ./pages/test-chatbot.tsx


./pages/api/appearance/drafts/[chatbotId/].ts:2:1
Module not found: Can't resolve '../../../../src/middleware/auth'
  [90m1 |[0m ...[33mxtApiResponse[0m } [36mfrom[0m [32m'next'[0m;
[31m[1m>[0m [90m2 |[0m ...[33mthenticatedRequest[0m, withTenant, 
withErrorHandling, compose } [36mfrom[0m [32m'../../../../src/middl...[0m
  [90m  |[0m    [31m[1m^^^^^^^^^^^^^^^^^^^^^^^^^^^^^^^^^^^^^^^^^^^^^^^^^^^^
^^^^^^^^^^^^^^^^^^^^^^^^^^^^^^^^^^^^^^^[0m
  [90m3 |[0m ...
  [90m4 |[0m ...[33mCOLLECTION[0m = [32m'appearance_drafts'[0m;
  [90m5 |[0m ...[33mOT_ID_FIELD[0m = [32m'main_chatbot'[0m;



https://nextjs.org/docs/messages/module-not-found


    at <unknown> (./src/components/AdminPanel.tsx:51:10)
    at <unknown> (./src/components/AdminPanel.tsx:50:10)
    at <unknown> (./src/components/AdminPanel.tsx:52:10)
    at <unknown> (./src/components/AdminPanel.tsx:53:10)
    at <unknown> (./src/components/AdminPanel.tsx:1577:10)
    at <unknown> (./src/components/AdminPanel.tsx:1582:10)
    at <unknown> (./src/components/AdminPanel.tsx:1587:10)
    at <unknown> (./src/components/AdminPanel.tsx:1588:10)
    at <unknown> (./src/components/AdminPanel.tsx:1580:10)
    at <unknown> (./src/components/AdminPanel.tsx:1574:11)
    at <unknown> (./src/components/AdminPanel.tsx:1579:10)
    at <unknown> (./src/components/AdminPanel.tsx:1865:9)
    at <unknown> (./src/components/AdminPanel.tsx:55:10)
    at <unknown> (./src/components/AdminPanel.tsx:1809:9)
    at <unknown> (./src/components/AdminPanel.tsx:1758:9)
    at <unknown> (./src/components/AdminPanel.tsx:1692:9)
    at <unknown> (./src/components/AdminPanel.tsx:1647:9)
    at <unknown> (./src/components/AdminPanel.tsx:1782:9)
    at <unknown> (./src/components/AdminPanel.tsx:1578:10)
    at <unknown> (./src/components/AdminPanel.tsx:1581:10)
    at <unknown> (./src/components/AdminPanel.tsx:1595:9)
    at <unknown> (./src/components/AdminPanel.tsx:1749:9)
    at <unknown> (./src/components/AdminPanel.tsx:1576:10)
    at <unknown> (./src/components/AdminPanel.tsx:1670:9)
    at <unknown> (./src/components/AdminPanel.tsx:1577:19)
    at <unknown> (./src/components/AdminPanel.tsx:1582:29)
    at <unknown> (./src/components/AdminPanel.tsx:1587:28)
    at <unknown> (./src/components/AdminPanel.tsx:1588:28)
    at <unknown> (./src/components/AdminPanel.tsx:1580:21)
    at <unknown> (./src/components/AdminPanel.tsx:1579:18)
    at <unknown> (./src/components/AdminPanel.tsx:1578:28)
    at <unknown> (./src/components/AdminPanel.tsx:1581:25)
    at <unknown> (./src/components/AdminPanel.tsx:1576:23)
    at <unknown> (./src/components/AdminPanel.tsx:1586:29)
    at <unknown> (./src/components/AdminPanel.tsx:1574:19)
    at <unknown> (./src/components/AdminPanel.tsx:1575:11)
    at <unknown> (./src/components/AdminPanel.tsx:1586:10)
    at <unknown> (./pages/api/appearance/drafts/[chatbotId/].ts:2:1)
    at <unknown> (https://nextjs.org/docs/messages/module-not-found)
